main.c:1030:13:SPI5_Write	16	static
main.c:1142:13:TouchGFX_Task	8	static
main.c:1160:6:AnalogInput	8	static
main.c:164:6:user_pwm_setvalue	48	static
main.c:274:6:SystemClock_Config	152	static
main.c:180:5:main	160	static
main.c:874:6:IOE_Init	0	static
main.c:883:6:IOE_ITConfig	0	static
main.c:895:6:IOE_Write	32	static
main.c:906:9:IOE_Read	32	static
main.c:919:10:IOE_ReadMultiple	24	static
main.c:928:6:IOE_Delay	0	static
main.c:1056:6:LCD_IO_Init	8	static
main.c:1066:6:LCD_IO_WriteData	16	static
main.c:1082:6:LCD_IO_WriteReg	16	static
main.c:1101:10:LCD_IO_ReadData	32	static
main.c:1128:6:LCD_Delay	0	static
main.c:1183:6:HAL_TIM_PeriodElapsedCallback	0	static
main.c:1200:6:Error_Handler	0	static
