stm32f4xx_hal_msp.c:67:6:HAL_MspInit	8	static
stm32f4xx_hal_msp.c:91:6:HAL_ADC_MspInit	48	static
stm32f4xx_hal_msp.c:143:6:HAL_ADC_MspDeInit	8	static
stm32f4xx_hal_msp.c:173:6:HAL_CRC_MspInit	8	static
stm32f4xx_hal_msp.c:195:6:HAL_CRC_MspDeInit	0	static
stm32f4xx_hal_msp.c:217:6:HAL_DMA2D_MspInit	16	static
stm32f4xx_hal_msp.c:242:6:HAL_DMA2D_MspDeInit	0	static
stm32f4xx_hal_msp.c:267:6:HAL_I2C_MspInit	64	static
stm32f4xx_hal_msp.c:315:6:HAL_I2C_MspDeInit	8	static
stm32f4xx_hal_msp.c:346:6:HAL_LTDC_MspInit	72	static
stm32f4xx_hal_msp.c:458:6:HAL_LTDC_MspDeInit	8	static
stm32f4xx_hal_msp.c:520:6:HAL_SPI_MspInit	40	static
stm32f4xx_hal_msp.c:557:6:HAL_SPI_MspDeInit	0	static
stm32f4xx_hal_msp.c:587:6:HAL_TIM_OC_MspInit	8	static
stm32f4xx_hal_msp.c:609:6:HAL_TIM_Base_MspInit	8	static
stm32f4xx_hal_msp.c:625:6:HAL_TIM_MspPostInit	32	static
stm32f4xx_hal_msp.c:657:6:HAL_TIM_OC_MspDeInit	0	static
stm32f4xx_hal_msp.c:679:6:HAL_TIM_Base_MspDeInit	0	static
stm32f4xx_hal_msp.c:803:6:HAL_SDRAM_MspInit	48	static
stm32f4xx_hal_msp.c:889:6:HAL_SDRAM_MspDeInit	8	static
