Screen.hpp:107:18:virtual void touchgfx::Screen::afterTransition()	0	static
Screen.hpp:147:18:virtual void touchgfx::Screen::handleTickEvent()	0	static
Screen.hpp:157:18:virtual void touchgfx::Screen::handleKeyEvent(uint8_t)	0	static
Screen2View.hpp:11:13:Screen2View::~Screen2View()	0	static
Screen2View.cpp:13:6:virtual void Screen2View::tearDownScreen()	0	static
Screen2View.cpp:8:6:virtual void Screen2View::setupScreen()	0	static
Screen2View.cpp:18:6:virtual void Screen2View::analogUpdate(uint32_t)	24	static
Screen2View.hpp:11:13:virtual Screen2View::~Screen2View()	8	static
Screen2View.cpp:3:1:Screen2View::Screen2View()	8	static
